---
source: crates/ide/src/index.rs
expression: dump_symbol_map(index.symbol_map())
---
class BaseClass<> : {
  int value;
}
class TemplatedClass<int x, > : {
  int param;
}
def simple_def : {
}
def def_with_parent : BaseClass, {
}
def def_with_fields : BaseClass, {
  string name;
  bit flag;
}
def def_with_override : BaseClass, {
  int value;
}
class Mixin1<> : {
}
class Mixin2<> : {
}
def multi_parent : Mixin1, Mixin2, {
}
def templated_def : TemplatedClass, {
}
variable int i
defset list<BaseClass> my_set
def set_member1 : BaseClass, {
}
def set_member2 : BaseClass, {
}
