---
source: crates/ide/src/index.rs
expression: dump_symbol_map(index.symbol_map())
---
class BaseReg<> : {
  int id;
}
class Instruction<int opc, > : {
  int opcode;
}
multiclass SimpleMulticlass {
def placeholder : BaseReg, {
}
def placeholder : BaseReg, {
}
multiclass TemplatedMulticlass {
def placeholder : Instruction, {
  string Name;
}
def placeholder : Instruction, {
  string Name;
}
multiclass AnonymousMulticlass {
def placeholder : BaseReg, {
}
def placeholder : BaseReg, {
}
def placeholder : BaseReg, {
}
multiclass ParentMulticlass {
def placeholder : BaseReg, {
}
multiclass ChildMulticlass {
def placeholder : BaseReg, {
}
multiclass OuterMulticlass {
defm placeholder : ;
multiclass MulticlassWithDefvar {
def placeholder : Instruction, {
}
variable int doubled
