---
source: crates/ide/src/index.rs
expression: dump_diagnostics(index.diagnostics())
---
[
    Lsp(
        LspDiagnostic {
            location: FileRange {
                file: FileId(
                    0,
                ),
                range: 1424..1434,
            },
            message: "field 'nibble' of type 'bits<4>' is incompatible with type 'bit'",
        },
    ),
    Lsp(
        LspDiagnostic {
            location: FileRange {
                file: FileId(
                    0,
                ),
                range: 2257..2282,
            },
            message: "expected list<listconcat_derived1_val>, found list<listconcat_derived2_val>",
        },
    ),
    Lsp(
        LspDiagnostic {
            location: FileRange {
                file: FileId(
                    0,
                ),
                range: 2408..2416,
            },
            message: "duplicate bit index 3",
        },
    ),
    Lsp(
        LspDiagnostic {
            location: FileRange {
                file: FileId(
                    0,
                ),
                range: 2440..2441,
            },
            message: "cannot set bit index 8 for bits<4>",
        },
    ),
    Lsp(
        LspDiagnostic {
            location: FileRange {
                file: FileId(
                    0,
                ),
                range: 2494..2495,
            },
            message: "type 'string' is not bits type",
        },
    ),
]
