---
source: crates/ide/src/interop.rs
expression: defs
---
[
    (
        FilePosition {
            file: FileId(
                0,
            ),
            position: 267,
        },
        [
            TblgenDef {
                name: "anonymous_0",
                define_loc: FilePosition {
                    file: FileId(
                        0,
                    ),
                    position: 121,
                },
            },
            TblgenDef {
                name: "multiclass1",
                define_loc: FilePosition {
                    file: FileId(
                        0,
                    ),
                    position: 138,
                },
            },
            TblgenDef {
                name: "multiclass1_field1",
                define_loc: FilePosition {
                    file: FileId(
                        0,
                    ),
                    position: 47,
                },
            },
            TblgenDef {
                name: "multiclass1_field2",
                define_loc: FilePosition {
                    file: FileId(
                        0,
                    ),
                    position: 101,
                },
            },
        ],
    ),
    (
        FilePosition {
            file: FileId(
                0,
            ),
            position: 299,
        },
        [
            TblgenDef {
                name: "anonymous_1",
                define_loc: FilePosition {
                    file: FileId(
                        0,
                    ),
                    position: 121,
                },
            },
            TblgenDef {
                name: "multiclass2",
                define_loc: FilePosition {
                    file: FileId(
                        0,
                    ),
                    position: 138,
                },
            },
            TblgenDef {
                name: "multiclass2_field1",
                define_loc: FilePosition {
                    file: FileId(
                        0,
                    ),
                    position: 47,
                },
            },
            TblgenDef {
                name: "multiclass2_field2",
                define_loc: FilePosition {
                    file: FileId(
                        0,
                    ),
                    position: 101,
                },
            },
        ],
    ),
    (
        FilePosition {
            file: FileId(
                0,
            ),
            position: 334,
        },
        [
            TblgenDef {
                name: "anonymous_2",
                define_loc: FilePosition {
                    file: FileId(
                        0,
                    ),
                    position: 121,
                },
            },
            TblgenDef {
                name: "anonymous_3",
                define_loc: FilePosition {
                    file: FileId(
                        0,
                    ),
                    position: 121,
                },
            },
            TblgenDef {
                name: "multiclass2_2_field1",
                define_loc: FilePosition {
                    file: FileId(
                        0,
                    ),
                    position: 138,
                },
            },
            TblgenDef {
                name: "multiclass2_2_field1_field1",
                define_loc: FilePosition {
                    file: FileId(
                        0,
                    ),
                    position: 47,
                },
            },
            TblgenDef {
                name: "multiclass2_2_field1_field2",
                define_loc: FilePosition {
                    file: FileId(
                        0,
                    ),
                    position: 101,
                },
            },
            TblgenDef {
                name: "multiclass2_2_field2",
                define_loc: FilePosition {
                    file: FileId(
                        0,
                    ),
                    position: 138,
                },
            },
            TblgenDef {
                name: "multiclass2_2_field2_field1",
                define_loc: FilePosition {
                    file: FileId(
                        0,
                    ),
                    position: 47,
                },
            },
            TblgenDef {
                name: "multiclass2_2_field2_field2",
                define_loc: FilePosition {
                    file: FileId(
                        0,
                    ),
                    position: 101,
                },
            },
        ],
    ),
]
