---
source: crates/ide/src/index.rs
expression: dump_diagnostics(index.diagnostics())
---
[
    Lsp(
        LspDiagnostic {
            location: FileRange {
                file: FileId(
                    0,
                ),
                range: 3005..3013,
            },
            message: "duplicate bit index 3",
        },
    ),
    Lsp(
        LspDiagnostic {
            location: FileRange {
                file: FileId(
                    0,
                ),
                range: 3037..3038,
            },
            message: "cannot set bit index 8 for bits<4>",
        },
    ),
    Lsp(
        LspDiagnostic {
            location: FileRange {
                file: FileId(
                    0,
                ),
                range: 3091..3092,
            },
            message: "expected bits type, got 'string'",
        },
    ),
]
