---
source: crates/ide/src/index.rs
expression: dump_diagnostics(index.diagnostics())
---
[
    Lsp(
        LspDiagnostic {
            location: FileRange {
                file: FileId(
                    0,
                ),
                range: 1424..1434,
            },
            message: "field 'nibble' of type 'bits<4>' is incompatible with type 'bit'",
        },
    ),
    Lsp(
        LspDiagnostic {
            location: FileRange {
                file: FileId(
                    0,
                ),
                range: 2238..2246,
            },
            message: "duplicate bit index 3",
        },
    ),
    Lsp(
        LspDiagnostic {
            location: FileRange {
                file: FileId(
                    0,
                ),
                range: 2270..2271,
            },
            message: "cannot set bit index 8 for bits<4>",
        },
    ),
    Lsp(
        LspDiagnostic {
            location: FileRange {
                file: FileId(
                    0,
                ),
                range: 2324..2325,
            },
            message: "type 'string' is not bits type",
        },
    ),
]
