---
source: crates/ide/src/index.rs
expression: dump_diagnostics(index.diagnostics())
---
[
    Lsp(
        LspDiagnostic {
            location: FileRange {
                file: FileId(
                    0,
                ),
                range: 92..106,
            },
            message: "class not found: UndefinedClass",
        },
    ),
    Lsp(
        LspDiagnostic {
            location: FileRange {
                file: FileId(
                    0,
                ),
                range: 165..183,
            },
            message: "symbol not found: undefined_variable",
        },
    ),
    Lsp(
        LspDiagnostic {
            location: FileRange {
                file: FileId(
                    0,
                ),
                range: 318..336,
            },
            message: "cannot access field: nonexistent_field",
        },
    ),
    Lsp(
        LspDiagnostic {
            location: FileRange {
                file: FileId(
                    0,
                ),
                range: 397..424,
            },
            message: "field 'nonexistent_field' not found in record",
        },
    ),
    Lsp(
        LspDiagnostic {
            location: FileRange {
                file: FileId(
                    0,
                ),
                range: 475..490,
            },
            message: "symbol not found: nonexistent_var",
        },
    ),
    Lsp(
        LspDiagnostic {
            location: FileRange {
                file: FileId(
                    0,
                ),
                range: 504..519,
            },
            message: "symbol not found: nonexistent_var",
        },
    ),
    Lsp(
        LspDiagnostic {
            location: FileRange {
                file: FileId(
                    0,
                ),
                range: 539..554,
            },
            message: "symbol not found: nonexistent_var",
        },
    ),
    Lsp(
        LspDiagnostic {
            location: FileRange {
                file: FileId(
                    0,
                ),
                range: 630..642,
            },
            message: "field 'int_field' of type 'int' is incompatible with type 'string'",
        },
    ),
    Lsp(
        LspDiagnostic {
            location: FileRange {
                file: FileId(
                    0,
                ),
                range: 668..669,
            },
            message: "field 'string_field' of type 'string' is incompatible with type 'int'",
        },
    ),
    Lsp(
        LspDiagnostic {
            location: FileRange {
                file: FileId(
                    0,
                ),
                range: 694..714,
            },
            message: "field 'int_list' of type 'list<int>' is incompatible with type 'list<string>'",
        },
    ),
    Lsp(
        LspDiagnostic {
            location: FileRange {
                file: FileId(
                    0,
                ),
                range: 849..862,
            },
            message: "def 'duplicate_def' already defined",
        },
    ),
    Lsp(
        LspDiagnostic {
            location: FileRange {
                file: FileId(
                    0,
                ),
                range: 923..924,
            },
            message: "template argument 'x' is already defined",
        },
    ),
    Lsp(
        LspDiagnostic {
            location: FileRange {
                file: FileId(
                    0,
                ),
                range: 998..999,
            },
            message: "field 'x' is already defined in record",
        },
    ),
    Lsp(
        LspDiagnostic {
            location: FileRange {
                file: FileId(
                    0,
                ),
                range: 1057..1070,
            },
            message: "variable 'duplicate_var' is already defined in the current scope",
        },
    ),
    Lsp(
        LspDiagnostic {
            location: FileRange {
                file: FileId(
                    0,
                ),
                range: 1106..1119,
            },
            message: "variable 'duplicate_def' is already defined in the current scope",
        },
    ),
    Lsp(
        LspDiagnostic {
            location: FileRange {
                file: FileId(
                    0,
                ),
                range: 1244..1260,
            },
            message: "defset 'duplicate_defset' already defined",
        },
    ),
    Lsp(
        LspDiagnostic {
            location: FileRange {
                file: FileId(
                    0,
                ),
                range: 1332..1352,
            },
            message: "multiclass 'duplicate_multiclass' already defined",
        },
    ),
    Lsp(
        LspDiagnostic {
            location: FileRange {
                file: FileId(
                    0,
                ),
                range: 1449..1456,
            },
            message: "class 'CyclicA' has cyclic inheritance",
        },
    ),
    Lsp(
        LspDiagnostic {
            location: FileRange {
                file: FileId(
                    0,
                ),
                range: 1533..1540,
            },
            message: "class 'CyclicB' has cyclic inheritance",
        },
    ),
    Lsp(
        LspDiagnostic {
            location: FileRange {
                file: FileId(
                    0,
                ),
                range: 1705..1717,
            },
            message: "value not specified for template argument 'x'",
        },
    ),
    Lsp(
        LspDiagnostic {
            location: FileRange {
                file: FileId(
                    0,
                ),
                range: 1705..1717,
            },
            message: "value not specified for template argument 'y'",
        },
    ),
    Lsp(
        LspDiagnostic {
            location: FileRange {
                file: FileId(
                    0,
                ),
                range: 1760..1776,
            },
            message: "value not specified for template argument 'y'",
        },
    ),
    Lsp(
        LspDiagnostic {
            location: FileRange {
                file: FileId(
                    0,
                ),
                range: 1821..1842,
            },
            message: "too many arguments: 3",
        },
    ),
    Lsp(
        LspDiagnostic {
            location: FileRange {
                file: FileId(
                    0,
                ),
                range: 2020..2026,
            },
            message: "field 'derived_field1' of type 'Derived' is incompatible with type 'Base'",
        },
    ),
    Lsp(
        LspDiagnostic {
            location: FileRange {
                file: FileId(
                    0,
                ),
                range: 2055..2066,
            },
            message: "field 'derived_field2' of type 'Derived' is incompatible with type 'Unrelated'",
        },
    ),
    Lsp(
        LspDiagnostic {
            location: FileRange {
                file: FileId(
                    0,
                ),
                range: 2229..2232,
            },
            message: "the name of named argument should be a valid identifier",
        },
    ),
    Lsp(
        LspDiagnostic {
            location: FileRange {
                file: FileId(
                    0,
                ),
                range: 2234..2237,
            },
            message: "the name of named argument should be a valid identifier",
        },
    ),
    Lsp(
        LspDiagnostic {
            location: FileRange {
                file: FileId(
                    0,
                ),
                range: 2325..2339,
            },
            message: "value not specified for template argument 'y'",
        },
    ),
    Lsp(
        LspDiagnostic {
            location: FileRange {
                file: FileId(
                    0,
                ),
                range: 2335..2338,
            },
            message: "the name of named argument should be a valid identifier",
        },
    ),
]
