---
source: crates/ide/src/index.rs
expression: dump_diagnostics(index.diagnostics())
---
[
    Lsp(
        LspDiagnostic {
            location: FileRange {
                file: FileId(
                    0,
                ),
                range: 209..214,
            },
            message: "expected bit; found string",
        },
    ),
    Lsp(
        LspDiagnostic {
            location: FileRange {
                file: FileId(
                    0,
                ),
                range: 271..276,
            },
            message: "inconsistent types int and string for !cond",
        },
    ),
]
