---
source: crates/ide/src/handlers/completion.rs
expression: "check(\"class Foo<int a>; class Bar : Foo$;\")"
---
[
    CompletionItem {
        label: "Bar",
        insert_text_snippet: Some(
            "Bar$0",
        ),
        detail: "",
        kind: Class,
    },
    CompletionItem {
        label: "Foo",
        insert_text_snippet: Some(
            "Foo<${1}>$0",
        ),
        detail: "",
        kind: Class,
    },
]
