---
source: crates/ide/src/handlers/diagnostics.rs
expression: diags
---
{
    FileId(
        0,
    ): [
        Diagnostic {
            range: FileRange {
                file: FileId(
                    0,
                ),
                range: 0..4,
            },
            message: "expected class, def, defm, defset, multiclass, let or foreach",
        },
    ],
}
