---
source: crates/ide/src/handlers/completion.rs
expression: "check(\"multiclass Base<int x>; multiclass Derived<int y>; defm test : B$\")"
---
[
    CompletionItem {
        label: "Base",
        insert_text_snippet: Some(
            "Base<${1}>$0",
        ),
        detail: "multiclass",
        kind: Multiclass,
    },
    CompletionItem {
        label: "Derived",
        insert_text_snippet: Some(
            "Derived<${1}>$0",
        ),
        detail: "multiclass",
        kind: Multiclass,
    },
]
