---
source: crates/ide/src/handlers/document_symbol.rs
expression: "check(r#\"\nclass Bar;\nclass Foo {\n    bit a;\n    int b;\n    string c;\n    dag d;\n    bits<4> e;\n    list<int> f;\n    Bar g;\n    code h;\n}\n            \"#,)"
---
Class class Bar
Class class Foo
  Field a
  Field b
  Field c
  Field d
  Field e
  Field f
  Field g
  Field h

{|class Bar;
|}{|class Foo {
    {|bit a;
    |}{|int b;
    |}{|string c;
    |}{|dag d;
    |}{|bits<4> e;
    |}{|list<int> f;
    |}{|Bar g;
    |}{|code h;
|}}
            |}
