---
source: crates/ide/src/handlers/document_symbol.rs
expression: "check(r#\"\nclass Foo<int size> {\n    int field;\n}\n\nclass Bar;\n\"#,)"
---
Some(
    [
        DocumentSymbol {
            name: "class Foo",
            typ: None,
            range: 0..40,
            kind: Class,
            children: [],
        },
        DocumentSymbol {
            name: "class Bar",
            typ: None,
            range: 40..50,
            kind: Class,
            children: [],
        },
    ],
)
