---
source: crates/ide/src/handlers/document_symbol.rs
expression: "check(r#\"\nclass Foo;\ndef foo : Foo {\n  int a\n};\n\"#)"
---
Some(
    [
        DocumentSymbol {
            name: "Foo",
            typ: "class",
            range: 6..9,
            kind: Class,
            children: [],
        },
        DocumentSymbol {
            name: "foo",
            typ: "def",
            range: 15..18,
            kind: Def,
            children: [
                DocumentSymbol {
                    name: "a",
                    typ: "int",
                    range: 33..34,
                    kind: Field,
                    children: [],
                },
            ],
        },
    ],
)
