---
source: crates/ide/src/handlers/completion.rs
expression: "check(\"class Foo<i$\")"
---
[
    CompletionItem {
        label: "bit",
        detail: "",
        kind: Type,
    },
    CompletionItem {
        label: "bits",
        detail: "",
        kind: Type,
    },
    CompletionItem {
        label: "code",
        detail: "",
        kind: Type,
    },
    CompletionItem {
        label: "dag",
        detail: "",
        kind: Type,
    },
    CompletionItem {
        label: "int",
        detail: "",
        kind: Type,
    },
    CompletionItem {
        label: "list",
        detail: "",
        kind: Type,
    },
    CompletionItem {
        label: "string",
        detail: "",
        kind: Type,
    },
]
