---
source: crates/ide/src/handlers/completion.rs
expression: "check(\"class Foo { int field1; int field2 = f$\",)"
---
[
    CompletionItem {
        label: "false",
        insert_text_snippet: None,
        detail: "",
        documentation: None,
        kind: Keyword,
    },
    CompletionItem {
        label: "field1",
        insert_text_snippet: None,
        detail: "int",
        documentation: None,
        kind: Field,
    },
    CompletionItem {
        label: "true",
        insert_text_snippet: None,
        detail: "",
        documentation: None,
        kind: Keyword,
    },
]
