---
source: crates/ide/src/handlers/completion.rs
expression: "check(\"class Base1; class Base2; class Derived : Base1, B$;\")"
---
[
    CompletionItem {
        label: "Base2",
        insert_text_snippet: Some(
            "Base2$0",
        ),
        detail: "class",
        documentation: None,
        kind: Class,
    },
]
