---
source: crates/ide/src/handlers/completion.rs
expression: "check(\"class Foo; defset list<Foo> foo = {} defvar tmp = f$\")"
---
[
    CompletionItem {
        label: "false",
        insert_text_snippet: None,
        detail: "",
        kind: Keyword,
    },
    CompletionItem {
        label: "foo",
        insert_text_snippet: None,
        detail: "list<Foo>",
        kind: Defset,
    },
    CompletionItem {
        label: "true",
        insert_text_snippet: None,
        detail: "",
        kind: Keyword,
    },
]
