---
source: crates/ide/src/handlers/document_symbol.rs
expression: "check(r#\" class Foo { Foo g; } \"#)"
---
Some(
    [
        DocumentSymbol {
            name: "class Foo",
            typ: None,
            range: 1..22,
            kind: Class,
            children: [
                DocumentSymbol {
                    name: "g",
                    typ: Some(
                        "Foo",
                    ),
                    range: 13..20,
                    kind: Field,
                    children: [],
                },
            ],
        },
    ],
)
