---
source: crates/ide/src/handlers/document_symbol.rs
expression: "check(r#\"\nmulticlass Foo {\n    def a;\n}\ndefm foo: Foo;\n\"#)"
---
Some(
    [
        DocumentSymbol {
            name: "Foo",
            typ: "multiclass",
            range: 11..14,
            kind: Multiclass,
            children: [
                DocumentSymbol {
                    name: "placeholder_multiclass_def",
                    typ: "def",
                    range: 21..24,
                    kind: Def,
                    children: [],
                },
            ],
        },
    ],
)
