---
source: crates/ide/src/handlers/completion.rs
expression: "check(\"class Foo { int field1; } class Bar<list<list<Foo>> foos> { int x = foos[0][0].f$\")"
---
[
    CompletionItem {
        label: "field1",
        insert_text_snippet: None,
        detail: "int",
        documentation: None,
        kind: Field,
    },
]
