---
source: crates/ide/src/handlers/diagnostics.rs
expression: "(diags1, diags2)"
---
(
    [
        Lsp(
            LspDiagnostic {
                location: FileRange {
                    file: FileId(
                        0,
                    ),
                    range: 9..9,
                },
                message: "expected ';' or '{' to start body",
            },
        ),
    ],
    [],
)
