---
source: crates/ide/src/handlers/completion.rs
expression: "check(\"defvar outer = 1; foreach i = 0...2 in { defvar inner = outer$ }\")"
---
[
    CompletionItem {
        label: "false",
        insert_text_snippet: None,
        detail: "",
        documentation: None,
        kind: Keyword,
    },
    CompletionItem {
        label: "i",
        insert_text_snippet: None,
        detail: "",
        documentation: None,
        kind: Variable,
    },
    CompletionItem {
        label: "outer",
        insert_text_snippet: None,
        detail: "",
        documentation: None,
        kind: Variable,
    },
    CompletionItem {
        label: "true",
        insert_text_snippet: None,
        detail: "",
        documentation: None,
        kind: Keyword,
    },
]
