---
source: crates/ide/src/handlers/completion.rs
expression: "check(\"class Foo; defset list<Foo> foo = {} defvar tmp = f$\")"
---
[
    CompletionItem {
        label: "Foo",
        insert_text_snippet: Some(
            "Foo<>$0",
        ),
        detail: "class",
        documentation: None,
        kind: Class,
    },
    CompletionItem {
        label: "false",
        insert_text_snippet: None,
        detail: "",
        documentation: None,
        kind: Keyword,
    },
    CompletionItem {
        label: "foo",
        insert_text_snippet: None,
        detail: "list<Foo>",
        documentation: None,
        kind: Defset,
    },
    CompletionItem {
        label: "true",
        insert_text_snippet: None,
        detail: "",
        documentation: None,
        kind: Keyword,
    },
]
