---
source: crates/ide/src/handlers/document_symbol.rs
expression: "check(r#\"\nclass Foo;\ndefset list<Foo> foos = {\n    def foo: Foo;\n}\n\"#)"
---
Some(
    [
        DocumentSymbol {
            name: "Foo",
            typ: "class",
            range: 6..9,
            kind: Class,
            children: [],
        },
        DocumentSymbol {
            name: "foos",
            typ: "defset",
            range: 28..32,
            kind: Defset,
            children: [
                DocumentSymbol {
                    name: "foo",
                    typ: "def",
                    range: 45..48,
                    kind: Def,
                    children: [],
                },
            ],
        },
    ],
)
