---
source: crates/ide/src/handlers/completion.rs
expression: "check(\"def foo; defvar tmp = f$\")"
---
[
    CompletionItem {
        label: "false",
        insert_text_snippet: None,
        detail: "",
        documentation: None,
        kind: Keyword,
    },
    CompletionItem {
        label: "foo",
        insert_text_snippet: None,
        detail: "def",
        documentation: None,
        kind: Def,
    },
    CompletionItem {
        label: "true",
        insert_text_snippet: None,
        detail: "",
        documentation: None,
        kind: Keyword,
    },
]
