---
source: crates/ide/src/handlers/completion.rs
expression: "check(\"class Base { int base_field; } class Derived : Base { int derived_field = b$\")"
---
[
    CompletionItem {
        label: "base_field",
        insert_text_snippet: None,
        detail: "int",
        kind: Field,
    },
    CompletionItem {
        label: "false",
        insert_text_snippet: None,
        detail: "",
        kind: Keyword,
    },
    CompletionItem {
        label: "true",
        insert_text_snippet: None,
        detail: "",
        kind: Keyword,
    },
]
