---
source: crates/ide/src/handlers/document_symbol.rs
expression: symbols
---
Some(
    [
        DocumentSymbol {
            name: "Foo",
            range: 6..9,
            kind: Class,
            children: [
                DocumentSymbol {
                    name: "size",
                    range: 14..18,
                    kind: TemplateArgument,
                    children: [],
                },
            ],
        },
        DocumentSymbol {
            name: "Bar",
            range: 46..49,
            kind: Class,
            children: [],
        },
    ],
)
