---
source: crates/ide/src/handlers/completion.rs
expression: "check(\"class Foo { defvar hoge = 1; int x = h$\")"
---
[
    CompletionItem {
        label: "false",
        insert_text_snippet: None,
        detail: "",
        kind: Keyword,
    },
    CompletionItem {
        label: "hoge",
        insert_text_snippet: None,
        detail: "",
        kind: Variable,
    },
    CompletionItem {
        label: "true",
        insert_text_snippet: None,
        detail: "",
        kind: Keyword,
    },
]
