---
source: crates/ide/src/handlers/diagnostics.rs
expression: "check(r#\"foreach i = \"hoge\" in def foo#i;\"#)"
---
[
    Lsp(
        LspDiagnostic {
            location: FileRange {
                file: FileId(
                    0,
                ),
                range: 12..18,
            },
            message: "expected a list, got 'string'",
        },
    ),
]
