---
source: crates/ide/src/handlers/completion.rs
expression: "check(\"defvar x = 10; defvar y = x$\")"
---
[
    CompletionItem {
        label: "false",
        insert_text_snippet: None,
        detail: "",
        documentation: None,
        kind: Keyword,
        sort_text: None,
        item_type: Some(
            Bit {
                _priv: (),
            },
        ),
    },
    CompletionItem {
        label: "true",
        insert_text_snippet: None,
        detail: "",
        documentation: None,
        kind: Keyword,
        sort_text: None,
        item_type: Some(
            Bit {
                _priv: (),
            },
        ),
    },
    CompletionItem {
        label: "x",
        insert_text_snippet: None,
        detail: "",
        documentation: None,
        kind: Variable,
        sort_text: None,
        item_type: None,
    },
]
