---
source: crates/ide/src/handlers/completion.rs
expression: "check(\"class Base { int base_field; } class Derived : Base { int derived_field; } class Bar<Derived bar> { int x = bar.b$\")"
---
[
    CompletionItem {
        label: "base_field",
        insert_text_snippet: None,
        detail: "int",
        documentation: None,
        kind: Field,
    },
    CompletionItem {
        label: "derived_field",
        insert_text_snippet: None,
        detail: "int",
        documentation: None,
        kind: Field,
    },
]
