---
source: tablegen-parser/src/grammar.rs
expression: "parse(\"class Foo<string A = \\\"hoge\\\" # \\\"fuga\\\">;\")"
---
File
  StatementList
    Class
      Class@0..5 `class`
      Whitespace@5..6 ` `
      Identifier
        Id@6..9 `Foo`
      TemplateArgList
        Less@9..10 `<`
        TemplateArgDecl
          StringType
            String@10..16 `string`
          Whitespace@16..17 ` `
          Identifier
            Id@17..18 `A`
          Whitespace@18..19 ` `
          Equal@19..20 `=`
          Whitespace@20..21 ` `
          Value
            InnerValue
              String
                StrVal@21..27 `\"hoge\"`
            Whitespace@27..28 ` `
            Paste@28..29 `#`
            Whitespace@29..30 ` `
            InnerValue
              String
                StrVal@30..36 `\"fuga\"`
        Greater@36..37 `>`
      RecordBody
        ParentClassList
        Body
          Semi@37..38 `;`

