---
source: tablegen-parser/src/grammar.rs
expression: "parse(\"class\")"
---
(
    Root@0..5
      StatementList@0..5
        Class@0..5
          ClassKw@0..5 "class"
          Identifier@5..5
          RecordBody@5..5
            ParentClassList@5..5
            Body@5..5
    ,
    [
        SyntaxError {
            range: 5..5,
            message: "expected class name after 'class' keyword",
        },
    ],
)
