---
source: tablegen-parser/src/grammar.rs
expression: "parse(\"class Foo<int A = Hoge.Fuga>;\")"
---
File
  Class
    Class `class`
    Whitespace ` `
    Identifier
      Id `Foo`
    TemplateArgList
      Less `<`
      TemplateArgDecl
        Type
          Int `int`
        Whitespace ` `
        Identifier
          Id `A`
        Whitespace ` `
        Equal `=`
        Whitespace ` `
        Value
          SimpleValue
            Identifier
              Id `Hoge`
          ValueSuffix
            Field
              Dot `.`
              Identifier
                Id `Fuga`
      Greater `>`
    RecordBody
      ParentClassList
      Body
        Semi `;`

