---
source: tablegen-parser/src/grammar.rs
expression: "parse(\"def Foo : Bar;\")"
---
File
  StatementList
    Def
      Def `def`
      Whitespace ` `
      Value
        Identifier
          Id `Foo`
      Whitespace ` `
      RecordBody
        ParentClassList
          Colon `:`
          Whitespace ` `
          ClassRef
            Identifier
              Id `Bar`
        Body
          Semi `;`

