---
source: tablegen-parser/src/parser.rs
expression: "parse(\"class Foo<int A, int B>;\")"
---
SyntaxNode(
    Class,
    [
        SyntaxNode(
            TemplateArgList,
            [
                SyntaxNode(
                    TemplateArgDecl,
                    [
                        SyntaxNode(
                            Type,
                            [],
                        ),
                        SyntaxNode(
                            Identifier,
                            [],
                        ),
                    ],
                ),
                SyntaxNode(
                    TemplateArgDecl,
                    [
                        SyntaxNode(
                            Type,
                            [],
                        ),
                        SyntaxNode(
                            Identifier,
                            [],
                        ),
                    ],
                ),
            ],
        ),
    ],
)
