---
source: tablegen-parser/src/grammar.rs
expression: "parse(\"class Foo<int A> {\n                int B;\n                int C = A;\n                let D = A;\n            }\")"
---
File
  StatementList
    Class
      Class `class`
      Whitespace ` `
      Identifier
        Id `Foo`
      TemplateArgList
        Less `<`
        TemplateArgDecl
          IntType
            Int `int`
          Whitespace ` `
          Identifier
            Id `A`
        Greater `>`
      Whitespace ` `
      RecordBody
        ParentClassList
        Body
          LBrace `{`
          Whitespace `\n                `
          FieldDef
            IntType
              Int `int`
            Whitespace ` `
            Identifier
              Id `B`
            Semi `;`
          Whitespace `\n                `
          FieldDef
            IntType
              Int `int`
            Whitespace ` `
            Identifier
              Id `C`
            Whitespace ` `
            Equal `=`
            Whitespace ` `
            Value
              Identifier
                Id `A`
            Semi `;`
          Whitespace `\n                `
          FieldLet
            Let `let`
            Whitespace ` `
            Identifier
              Id `D`
            Whitespace ` `
            Equal `=`
            Whitespace ` `
            Value
              Identifier
                Id `A`
            Semi `;`
          Whitespace `\n            `
          RBrace `}`

