---
source: tablegen-parser/src/grammar.rs
expression: "parse(\"class Foo<int A, int B = 1>: Bar<A, 2>;\")"
---
File
  Class
    Class `class`
    Whitespace ` `
    Identifier
      Id `Foo`
    TemplateArgList
      Less `<`
      TemplateArgDecl
        Type
          Int `int`
          Whitespace ` `
        Identifier
          Id `A`
      Comma `,`
      Whitespace ` `
      TemplateArgDecl
        Type
          Int `int`
          Whitespace ` `
        Identifier
          Id `B`
          Whitespace ` `
        Equal `=`
        Whitespace ` `
        Value
          SimpleValue
            Integer
              IntVal `1`
      Greater `>`
    RecordBody
      ParentClassList
        Colon `:`
        Whitespace ` `
        ClassRef
          Identifier
            Id `Bar`
          Less `<`
          ArgValueList
            PositionalArgValueList
              Value
                SimpleValue
                  Identifier
                    Id `A`
              Comma `,`
              Whitespace ` `
              Value
                SimpleValue
                  Integer
                    IntVal `2`
          Greater `>`
      Body
        Semi `;`

