---
source: tablegen-parser/src/grammar.rs
expression: "parse(\"a\")"
---
(
    Root@0..1
      StatementList@0..1
        Error@0..1
          Id@0..1 "a"
    ,
    [
        TableGenError {
            range: 0..1,
            message: "expected class, def, defm, defset, multiclass, let or foreach",
        },
    ],
)
