---
source: tablegen-parser/src/grammar.rs
expression: "parse(\"class Foo { let A\")"
---
File
  StatementList
    Class
      Class@0..5 `class`
      Whitespace@5..6 ` `
      Identifier
        Id@6..9 `Foo`
      Whitespace@9..10 ` `
      RecordBody
        ParentClassList
        Body
          LBrace@10..11 `{`
          Whitespace@11..12 ` `
          FieldLet
            Let@12..15 `let`
            Whitespace@15..16 ` `
            Identifier
              Id@16..17 `A`
            Error(17:17:expected Equal, )
            Error(17:17:unknown token when parsing a value, )
            Error(17:17:expected '=' in let expression, )
          Error(17:17:expected RBrace, )

