---
source: tablegen-parser/src/grammar.rs
expression: "parse(\"class Foo<bit A, int B, string C, dag D, bits<32> E, list<int> F, Bar G>;\")"
---
File
  StatementList
    Class
      Class `class`
      Whitespace ` `
      Identifier
        Id `Foo`
      TemplateArgList
        Less `<`
        TemplateArgDecl
          BitType
            Bit `bit`
          Whitespace ` `
          Identifier
            Id `A`
        Comma `,`
        Whitespace ` `
        TemplateArgDecl
          IntType
            Int `int`
          Whitespace ` `
          Identifier
            Id `B`
        Comma `,`
        Whitespace ` `
        TemplateArgDecl
          StringType
            String `string`
          Whitespace ` `
          Identifier
            Id `C`
        Comma `,`
        Whitespace ` `
        TemplateArgDecl
          DagType
            Dag `dag`
          Whitespace ` `
          Identifier
            Id `D`
        Comma `,`
        Whitespace ` `
        TemplateArgDecl
          BitsType
            Bits `bits`
            Less `<`
            Integer
              IntVal `32`
            Greater `>`
          Whitespace ` `
          Identifier
            Id `E`
        Comma `,`
        Whitespace ` `
        TemplateArgDecl
          ListType
            List `list`
            Less `<`
            IntType
              Int `int`
            Greater `>`
          Whitespace ` `
          Identifier
            Id `F`
        Comma `,`
        Whitespace ` `
        TemplateArgDecl
          ClassId
            Identifier
              Id `Bar`
          Whitespace ` `
          Identifier
            Id `G`
        Greater `>`
      RecordBody
        ParentClassList
        Body
          Semi `;`

