---
source: tablegen-parser/src/grammar.rs
expression: "parse(\"class Foo\")"
---
File
  StatementList
    Class
      Class@0..5 `class`
      Whitespace@5..6 ` `
      Identifier
        Id@6..9 `Foo`
      RecordBody
        ParentClassList
        Body
          Error(9:9:expected ';' or '{' to start body, )

