---
source: tablegen-parser/src/grammar.rs
expression: "parse(\"class Foo<int A = Hoge.Fuga>;\")"
---
File
  StatementList
    Class
      Class@0..5 `class`
      Whitespace@5..6 ` `
      Identifier
        Id@6..9 `Foo`
      TemplateArgList
        Less@9..10 `<`
        TemplateArgDecl
          IntType
            Int@10..13 `int`
          Whitespace@13..14 ` `
          Identifier
            Id@14..15 `A`
          Whitespace@15..16 ` `
          Equal@16..17 `=`
          Whitespace@17..18 ` `
          Value
            Identifier
              Id@18..22 `Hoge`
            FieldSuffix
              Dot@22..23 `.`
              Identifier
                Id@23..27 `Fuga`
        Greater@27..28 `>`
      RecordBody
        ParentClassList
        Body
          Semi@28..29 `;`

