---
source: tablegen-parser/src/grammar.rs
expression: "parse(\"class Foo<int A> {\n                int B;\n                int C = A;\n            }\")"
---
File
  Class
    Class `class`
    Whitespace ` `
    Identifier
      Id `Foo`
    TemplateArgList
      Less `<`
      TemplateArgDecl
        Type
          Int `int`
          Whitespace ` `
        Identifier
          Id `A`
      Greater `>`
      Whitespace ` `
    RecordBody
      ParentClassList
      Body
        LBrace `{`
        Whitespace `\n                `
        BodyItem
          Type
            Int `int`
            Whitespace ` `
          Identifier
            Id `B`
          Semi `;`
          Whitespace `\n                `
        BodyItem
          Type
            Int `int`
            Whitespace ` `
          Identifier
            Id `C`
            Whitespace ` `
          Equal `=`
          Whitespace ` `
          Value
            SimpleValue
              Identifier
                Id `A`
          Semi `;`
          Whitespace `\n            `
        RBrace `}`

