---
source: crates/syntax/src/grammar.rs
expression: "parse(\"defvar a = A#B;\")"
---
Parse {
    root_node: SourceFile@0..15
      StatementList@0..15
        Defvar@0..15
          DefvarKw@0..6 "defvar"
          Whitespace@6..7 " "
          Identifier@7..9
            Id@7..8 "a"
            Whitespace@8..9 " "
          Equal@9..10 "="
          Whitespace@10..11 " "
          Value@11..14
            InnerValue@11..12
              Identifier@11..12
                Id@11..12 "A"
            Paste@12..13 "#"
            InnerValue@13..14
              Identifier@13..14
                Id@13..14 "B"
          Semi@14..15 ";"
    ,
    errors: [],
}
