---
source: crates/syntax/src/grammar.rs
expression: "parse(\"let A\")"
---
(
    SourceFile@0..5
      StatementList@0..5
        Let@0..5
          LetKw@0..3 "let"
          Whitespace@3..4 " "
          LetList@4..5
            LetItem@4..5
              Identifier@4..5
                Id@4..5 "A"
              Value@5..5
                InnerValue@5..5
          StatementList@5..5
            Error@5..5
              Eof@5..5 ""
    ,
    [
        SyntaxError {
            range: 5..5,
            message: "expected '=' in let expression",
        },
        SyntaxError {
            range: 5..5,
            message: "unknown token when parsing a value",
        },
        SyntaxError {
            range: 5..5,
            message: "expected class, def, defm, defset, dump, multiclass, let or foreach",
        },
    ],
)
