---
source: crates/syntax/src/lexer.rs
expression: "tokenize(\"!con !add !sub !mul !div !not !log2 !and !or !xor !sra !srl !shl !listconcat !listflatten !listsplat !strconcat !initialized !instances !interleave !substr !find !cast !subst !foreach !filter !foldl !head !tail !size !empty !if !cond !eq !isa !dag !ne !le !lt !ge !gt !setdagop !getdagop !getop !exists !listremove !tolower !toupper !range !getdagarg !getdagname !setdagarg !setdagname !setop !repr\")"
---
[
    XCon,
    Whitespace,
    XAdd,
    Whitespace,
    XSub,
    Whitespace,
    XMul,
    Whitespace,
    XDiv,
    Whitespace,
    XNot,
    Whitespace,
    Error,
    IntVal,
    Whitespace,
    XAnd,
    Whitespace,
    XOr,
    Whitespace,
    XXor,
    Whitespace,
    XSra,
    Whitespace,
    XSrl,
    Whitespace,
    XShl,
    Whitespace,
    XListConcat,
    Whitespace,
    XListFlatten,
    Whitespace,
    XListSplat,
    Whitespace,
    XStrConcat,
    Whitespace,
    XInitialized,
    Whitespace,
    XInstances,
    Whitespace,
    XInterleave,
    Whitespace,
    XSubstr,
    Whitespace,
    XFind,
    Whitespace,
    XCast,
    Whitespace,
    XSubst,
    Whitespace,
    XForEach,
    Whitespace,
    XFilter,
    Whitespace,
    XFoldl,
    Whitespace,
    XHead,
    Whitespace,
    XTail,
    Whitespace,
    XSize,
    Whitespace,
    XEmpty,
    Whitespace,
    XIf,
    Whitespace,
    XCond,
    Whitespace,
    XEq,
    Whitespace,
    XIsA,
    Whitespace,
    XDag,
    Whitespace,
    XNe,
    Whitespace,
    XLe,
    Whitespace,
    XLt,
    Whitespace,
    XGe,
    Whitespace,
    XGt,
    Whitespace,
    XSetDagOp,
    Whitespace,
    XGetDagOp,
    Whitespace,
    XGetOp,
    Whitespace,
    XExists,
    Whitespace,
    XListRemove,
    Whitespace,
    XToLower,
    Whitespace,
    XToUpper,
    Whitespace,
    XRange,
    Whitespace,
    XGetDagArg,
    Whitespace,
    XGetDagName,
    Whitespace,
    XSetDagArg,
    Whitespace,
    XSetDagName,
    Whitespace,
    XSetOp,
    Whitespace,
    XRepr,
    Eof,
]
