---
source: crates/syntax/src/grammar.rs
expression: "parse(\"defvar A = [[1], [1,], [1,2]];\")"
---
Parse {
    root_node: Root@0..30
      StatementList@0..30
        Defvar@0..30
          DefvarKw@0..6 "defvar"
          Whitespace@6..7 " "
          Identifier@7..9
            Id@7..8 "A"
            Whitespace@8..9 " "
          Equal@9..10 "="
          Whitespace@10..11 " "
          Value@11..29
            InnerValue@11..29
              List@11..29
                ValueList@11..29
                  LSquare@11..12 "["
                  Value@12..15
                    InnerValue@12..15
                      List@12..15
                        ValueList@12..15
                          LSquare@12..13 "["
                          Value@13..14
                            InnerValue@13..14
                              Integer@13..14
                                IntVal@13..14 "1"
                          RSquare@14..15 "]"
                  Comma@15..16 ","
                  Whitespace@16..17 " "
                  Value@17..21
                    InnerValue@17..21
                      List@17..21
                        ValueList@17..21
                          LSquare@17..18 "["
                          Value@18..19
                            InnerValue@18..19
                              Integer@18..19
                                IntVal@18..19 "1"
                          Comma@19..20 ","
                          RSquare@20..21 "]"
                  Comma@21..22 ","
                  Whitespace@22..23 " "
                  Value@23..28
                    InnerValue@23..28
                      List@23..28
                        ValueList@23..28
                          LSquare@23..24 "["
                          Value@24..25
                            InnerValue@24..25
                              Integer@24..25
                                IntVal@24..25 "1"
                          Comma@25..26 ","
                          Value@26..27
                            InnerValue@26..27
                              Integer@26..27
                                IntVal@26..27 "2"
                          RSquare@27..28 "]"
                  RSquare@28..29 "]"
          Semi@29..30 ";"
    ,
    errors: [],
}
