---
source: crates/syntax/src/grammar.rs
expression: "parse(\"class Foo<int\")"
---
Parse {
    root_node: SourceFile@0..13
      StatementList@0..13
        Class@0..13
          ClassKw@0..5 "class"
          Whitespace@5..6 " "
          Identifier@6..9
            Id@6..9 "Foo"
          TemplateArgList@9..13
            Less@9..10 "<"
            TemplateArgDecl@10..13
              IntType@10..13
                Int@10..13 "int"
              Identifier@13..13
          RecordBody@13..13
            ParentClassList@13..13
            Body@13..13
    ,
    errors: [
        SyntaxError {
            range: 13..13,
            message: "expected identifier in declaration",
        },
    ],
}
